// Vitest Snapshot v1, https://vitest.dev/guide/snapshot.html

exports[`InteractiveTui > renders a narrow command palette as a full-screen exclusive overlay 1`] = `
"╭──────────────────────────────────────────────────╮
│Command palette                                   │
│> rev█                                            │
│› /review · Review changes                        │
│  Open changes · Review durable tool-presented fi…│
│  Exit TUI · Gracefully close the interactive TUI │
│  Go to transcript end · Return to the live trans…│
│  Copy visible transcript · Request terminal clip…│
│  Open permissions · Inspect and change the exact…│
│1/6 · Enter select · Esc close                    │
╰──────────────────────────────────────────────────╯"
`;
