// Vitest Snapshot v1, https://vitest.dev/guide/snapshot.html

exports[`InteractiveTui > renders a narrow command palette as a full-screen exclusive overlay 1`] = `
"╭──────────────────────────────────────────────────╮
│Command palette                                   │
│> rev█                                            │
│› /review · Review changes                        │
│  Open changes · Review durable tool-presented fi…│
│  Open activity · Review plan, job, and subagent …│
│  Open recovery · Flush, export, fork, and inspec…│
│  Open skills · Browse discovered skills and inse…│
│  Open MCP inventory · Inspect MCP servers and th…│
│  Exit TUI · Gracefully close the interactive TUI │
│  Go to transcript end · Return to the live trans…│
│  Copy visible transcript · Request terminal clip…│
│1/11 · Enter select · Esc close · 2 below         │
╰──────────────────────────────────────────────────╯"
`;
