// Vitest Snapshot v1, https://vitest.dev/guide/snapshot.html

exports[`OverlayPanel (M1.3) > renders a bounded narrow command palette 1`] = `
"╭──────────────────────────────────────╮
│Command palette                       │
│> com█                                │
│  /command-3 · Description 3          │
│  /command-4 · Description 4          │
│› /command-5 · Description 5          │
│  /command-6 · Description 6          │
│6/8 · Enter select · Esc close · cata…│
╰──────────────────────────────────────╯"
`;

exports[`OverlayPanel (M1.3) > renders a bounded session list and durable preview metadata 1`] = `
"╭──────────────────────────────────────────────────────────────────────────────╮
│Session center · ready                                                        │
│> session█                                                                    │
│› ● current-session · 2023-11-14T22:13:20.000Z · /workspace                   │
│  ○ older-session · 2023-11-03T08:26:40.000Z                                  │
│Preview current-session · 42 events · last turn/end                           │
│1/2 · Enter resume · Space preview · R refresh                                │
╰──────────────────────────────────────────────────────────────────────────────╯"
`;

exports[`OverlayPanel (M1.3) > renders a wide command palette without losing input metadata 1`] = `
"╭──────────────────────────────────────────────────────────────────────────────╮
│Command palette                                                               │
│> █                                                                           │
│› /review <path> · Review current workspace changes before committing         │
│  Search transcript · Search the retained transcript window                   │
│1/2 · Enter select · Esc close                                                │
╰──────────────────────────────────────────────────────────────────────────────╯"
`;

exports[`OverlayPanel (M1.3) > renders command/path completion states 1`] = `
"╭──────────────────────────────────────────────────────────╮
│Path completion · src/co                                  │
│› src/controller.ts · file                                │
│1/1 · Enter apply · Esc close                             │
╰──────────────────────────────────────────────────────────╯"
`;

exports[`OverlayPanel (M1.3) > renders permission consequences and dangerous typed confirmation 1`] = `
"╭──────────────────────────────────────────────────────────────────────────────╮
│Permissions · confirming                                                      │
│Danger: sandbox danger-full-access · approval never.                          │
│Type enable danger-full-access                                                │
│> enable danger█                                                              │
│Enter confirm · Esc cancel                                                    │
╰──────────────────────────────────────────────────────────────────────────────╯"
`;

exports[`OverlayPanel (M1.3) > renders permission consequences and dangerous typed confirmation 2`] = `
"╭──────────────────────────────────────────────────────────────────────────────╮
│Permissions · ready                                                           │
│› ● Workspace write · sandbox workspace-write · approval ask                  │
│  Confine writes to the workspace and ask when needed.                        │
│  ○ Danger full access · sandbox danger-full-access · approval never          │
│Enter select · Esc close                                                      │
╰──────────────────────────────────────────────────────────────────────────────╯"
`;
