// Vitest Snapshot v1, https://vitest.dev/guide/snapshot.html

exports[`Welcome (M6) > renders identity and guidance side by side at 80 columns 1`] = `
"╭──────────────────────────────────────────────────────────────────────────────╮
│ dsh-tui v0.9.0                         Getting started                       │
│ deepseek-official/deepseek-chat        ^P  command palette — every action i… │
│ workspace-write                        ^Y  activity · ^B jobs · ^G subagents │
│ /Users/dev/Code/project                /exit  quit with a durable teardown   │
╰──────────────────────────────────────────────────────────────────────────────╯"
`;

exports[`Welcome (M6) > stacks the columns at 40 columns instead of squeezing them 1`] = `
"╭──────────────────────────────────────╮
│ dsh-tui v0.9.0                       │
│ deepseek-official/deepseek-chat      │
│ workspace-write                      │
│ /Users/dev/Code/project              │
│                                      │
│ Getting started                      │
│ ^P  command palette — every action … │
│ ^Y  activity · ^B jobs · ^G subagen… │
│ /exit  quit with a durable teardown  │
╰──────────────────────────────────────╯"
`;
